// Jest Snapshot v1, https://goo.gl/fbAQLP

exports[`renders correctly 1`] = `
<View
  style={
    Object {
      "backgroundColor": "lightgray",
      "borderRadius": 3,
      "height": 3,
      "justifyContent": "flex-start",
    }
  }
>
  <View
    style={
      Array [
        Object {
          "borderRadius": 3,
          "height": 3,
        },
        Object {
          "backgroundColor": undefined,
          "width": "NaN%",
        },
      ]
    }
  />
</View>
`;
